<<<
  3: v20
  8: v14
  14: v8
  11: v-10
  6: v11
  13: v-31
  7: v-2
  12: v11
  9: v8
  4: v11
  15: v0
  1: v4
  5: v19

  10: v0
  2: v-6
>>>
<<<
    /3: v6 a0 aC1S0 f0 f1
  @8: v14 a0 aC2S-6 f0 f0
        /13: v-21 a42 aC2S42 f1 f1
          \6: v42 a0 aC1S0 f0 f1
      /11: v-8 a21 aC4S18 f0 f1
        \14: v18 a0 aC1S0 f1 f0
    \7: v-16 a21 aC11S51 f0 f0
      \12: v13 a8 aC6S-13 f1 f1
          /9: v8 a3 aC2S3 f1 f1
            \4: v3 a0 aC1S0 f0 f0
        \15: v-11 a19 aC5S42 f1 f1
          \1: v4 a15 aC2S15 f1 f1
            \5: v15 a0 aC1S0 f0 f1

  @10: v0 a0 aC1S0 f1 f1
    \2: v-6 a0 aC1S0 f0 f0
>>>
