<<<
  2: vbd7,000,f80,000

  6: v191,000,7b2,000
  5: v922,000,ab0,000

  9: v58f,000,844,000
  10: va76,000,dc2,000
  3: ve91,000,9cc,000
  8: vb6d,000,49b,000
  12: vc3a,000,d22,000
  11: v376,000,eb0,000
  14: v254,000,530,000
  15: vdcd,000,9d6,000
  1: vd00,000,19a,000
  13: v711,000,f3f,000
  7: ve33,000,ecf,000
  4: v94b,000,419,000
>>>
<<<
  @2: a1 a1 vbd7,000,f80,000 a000,000 a000,000 f1

  @4: a2 a2 v94b,000,419,000 a94b,419 a94b,419 f1
            /14: a1 a1 v254,376,530,eb0 a254,530 a254,530 f1
          /11: a7 a7 v376,dcd,eb0,9d6 a376,eb0 a376,eb0 f1
              /12: a1 a1 vc3a,b6d,d22,49b ac3a,d22 ac3a,d22 f1
            \8: a5 a5 vb6d,376,49b,eb0 ab6d,49b ab6d,49b f0
                /3: a1 a1 ve91,a76,9cc,dc2 ae91,9cc ae91,9cc f0
              \10: a3 a3 va76,b6d,dc2,49b aa76,dc2 aa76,dc2 f0
                \9: a1 a1 v58f,a76,844,dc2 a58f,844 a58f,844 f1
        /15: a8 a8 vdcd,d00,9d6,19a adcd,9d6 adcd,9d6 f0
      /1: a9 a9 vd00,711,19a,f3f ad00,19a ad00,19a f0
    \13: a11 a11 v711,94b,f3f,419 a711,f3f a711,f3f f1
      \7: a1 a1 ve33,711,ecf,f3f ae33,ecf ae33,ecf f1

    /6: a1 a1 v191,922,7b2,ab0 a191,7b2 a191,7b2 f1
  @5: a1 a1 v922,000,ab0,000 a922,ab0 a922,ab0 f0
>>>
