<<<
  2:

  6:
  5:
  15:
  10:
  9:
  3:

  8:
  7:

  12:
  11:

  13:
  1:
  4:
  14:
>>>
<<<
  @2: a1 a1

  @8: a1 a1
    \7: a1 a1

      /6: a1 a1
    /5: a4 a4
        /15: a1 a1
      \10: a2 a2
  @9: a1 a1
    \3: a1 a1

  @12: a2 a2
    \11: a1 a1

  @13: a3 a3
        /1: a1 a1
      /4: a2 a2
    \14: a3 a3
>>>
