<<<
  3: v2

  5: v5
  8: v2

  6: v1
  15: v6
  4: v7
  10: v4
  13: v1
  14: v0
  1: v3
  2: v0
  7: v0
  12: v1
  11: v2
  9: v5
>>>
<<<
  @3: v2 a5 f0

  @5: v5 a5 f0
    \8: v2 a2 f0

    /13: v1 a19 f1
      \6: v1 a18 f1
          /4: v7 a11 f1
            \10: v4 a4 f0
        \15: v6 a17 f1
  @14: v0 a0 f0
      /9: v5 a5 f0
    \11: v2 a11 f1
          /2: v0 a0 f0
        /7: v0 a1 f1
          \12: v1 a1 f0
      \1: v3 a4 f0
>>>
