<<<
  1:
  5:
  6:

  2:

  15:
  14:
  8:
  4:
  7:
  12:
  10:
  11:
  9:
  3:
  13:
>>>
<<<
      /5: f0 f0
    /6: f0 f1
  @1: f0 f1

  @2: f0 f0

      /4: f1 f1
        \14: f0 f1
          \8: f1 f1
    /15: f0 f1
  @7: f0 f0
          /11: f1 f0
        /9: f1 f1
          \3: f0 f0
      /13: f1 f0
    \10: f0 f1
      \12: f1 f0
>>>
