<<<
  7: v4

  9: v6

  11: v2

  14: v3

  15: v1
  4: v6
  3: v1
  5: v2
  12: v2
  8: v4
  2: v2
  6: v1
  13: v0
  1: v0
  10: v5
>>>
<<<
    /10: a9 v5 f1 f1
            /2: a2 v2 f0 f0
              \6: a1 v1 f1 f1
          /13: a4 v0 f1 f0
            \1: a1 v0 f0 f1
        /8: a5 v4 f0 f0
      \12: a8 v2 f0 f0
        \3: a2 v1 f0 f1
          \5: a1 v2 f1 f0
  @4: a4 v6 f0 f1
    \15: a1 v1 f1 f1

  @7: a1 v4 f1 f1

  @9: a1 v6 f1 f1

  @11: a1 v2 f0 f0

  @14: a1 v3 f1 f0
>>>
