<<<
  7:
  12:
  10:
  3:
  14:
  15:
  5:
  1:
  13:
  8:
  4:
  11:
  2:
  9:
  6:
>>>
<<<
      /3: a3 f0
        \12: a2 f1
          \10: a1 f0
    /7: a4 f1
  @14: a5 f0
        /5: a1 f0
      /15: a2 f1
    \1: a10 f0
      \13: a7 f0
        \8: a6 f0
                /9: a1 f1
              /2: a3 f0
                \11: a1 f1
            /4: a4 f1
          \6: a5 f0
>>>
