<<<
  9:
  13:

  15:
  4:
  7:
  6:
  8:
  14:
  1:
  5:
  11:
  12:
  2:
  10:
  3:
>>>
<<<
      /15:
    /4:
          /7:
        /6:
          \8:
      \14:
          /1:
            \5:
        \11:
          \12:
  @2:
    \10:
      \3:

    /9:
  @13:
>>>
