<<<
  9: vL10R14F0 v703,000,ead,000
  1: vL-6R-10F0 vbcf,000,958,000
  5: vL20R18F0 vd9e,000,325,000
  12: vL16R1F1 va70,000,084,000
  14: vL-2R-11F0 vbe1,000,9d6,000
  2: vL33R-12F0 v5c2,000,529,000
  4: vL-5R-2F0 vb6b,000,43d,000
  8: vL18R60F0 v2dd,000,c78,000
  7: vL21R16F1 v887,000,1b6,000
  10: vL10R-15F1 v4e7,000,5ce,000
  15: vL-6R1F0 v0c1,000,620,000
  11: vL9R54F1 v0b2,000,fd3,000
  3: vL3R-8F0 v523,000,029,000

  13: vL10R1F1 vf13,000,04d,000
  6: vL-4R-4F1 v921,000,133,000
>>>
<<<
      /9: a2 vL-10R-4F0 v703,d9e,ead,325
        \1: a1 vL-16R-24F0 vbcf,703,958,ead
    /5: a6 vL25R20F0 vd9e,b6b,325,43d
      \12: a3 vL-4R-17F1 va70,d9e,084,325
        \14: a2 vL-12R-18F1 vbe1,a70,9d6,084
          \2: a1 vL35R-1F0 v5c2,be1,529,9d6
  @4: a3 vL-5R-2F0 vb6b,000,43d,000
      /8: a2 vL75R8F1 v2dd,4e7,c78,5ce
        \7: a1 vL3R-44F1 v887,2dd,1b6,c78
    \10: a6 vL15R-13F1 v4e7,b6b,5ce,43d
      \15: a3 vL16R-16F1 v0c1,4e7,620,5ce
        \11: a2 vL15R53F1 v0b2,0c1,fd3,620
          \3: a1 vL-62R-6F1 v523,0b2,029,fd3

    /13: a1 vL5R14F0 vf13,921,04d,133
  @6: a12 vL-4R-4F1 v921,000,133,000
>>>
