<<<
  1: -> 15
  2: -> 8
  3: -> 12
  4:
  5: -> 8
  6: -> 7
  7: -> 2
  8:
  9: -> 6
  10: -> 14
  11: -> 12
  12: -> 15
  13: -> 7
  14:
  15: -> 13
>>>
<<<
 15
  \1: a1 a1 f1

 12
  \3: a1 a1 f1

  @4: a1 a1 f1

 8
  \5: a1 a1 f1

 7
  \6: a2 a2 f0
    \9: a1 a1 f0

    /11: a1 a1 f1
  @12: a2 a2 f1
        /13: a1 a1 f0
      /15: a2 a2 f1
    \7: a5 a5 f0
        /2: a1 a1 f1
      \8: a2 a2 f0

  @14: a2 a2 f0
    \10: a1 a1 f1
>>>
