<<<
  1: -> 6
  2: -> 14
  3:
  4: -> 9
  5: -> 15
  6:
  7: -> 2
  8: -> 1
  9: -> 8
  10: -> 9
  11:
  12: -> 9
  13:
  14: -> 3
  15:
>>>
<<<
      /3: a1
    /14: a2
  @2: a2
    \7: a1

      /6: a1
    /1: a3
      \8: a1
  @9: a5
   ->10: a1
     '.4: a1
    \12: a1

  @11: a1

  @13: a1

  @15: a2
    \5: a1
>>>
