<<<
  1: v5d1,000,2ba,000 -> 7
  2: vdb2,000,a69,000 -> 14
  3: v720,000,b4e,000 -> 9
  4: v266,000,fc2,000 -> 15
  5: v78d,000,c62,000
  6: v9e2,000,171,000 -> 4
  7: va22,000,296,000 -> 12
  8: v79f,000,790,000
  9: v74f,000,e41,000 -> 15
  10: v702,000,acc,000 -> 15
  11: vd24,000,f9e,000 -> 6
  12: v84c,000,e1c,000
  13: vf7b,000,125,000 -> 6
  14: ve19,000,065,000 -> 3
  15: v172,000,030,000 -> 7
>>>
<<<
 7
  \1: a1 v5d1,000,2ba,000 a000,000 a000,000 f1 f0

  @5: a1 v78d,000,c62,000 a000,000 a000,000 f1 f0

  @8: a1 v79f,000,790,000 a000,000 a000,000 f1 f1

 15
  \10: a1 v702,000,acc,000 a000,000 a000,000 f1 f0

 6
  \11: a1 vd24,000,f9e,000 a000,000 a000,000 f0 f0

  @12: a1 v84c,000,e1c,000 a000,000 a000,000 f1 f1
      /7: a4 va22,000,296,000 a000,000 a000,000 f0 f0
        \15: a3 v172,000,030,000 a000,000 a000,000 f0 f0
          \6: a2 v9e2,000,171,000 a000,000 a000,000 f1 f0
            \4: a1 v266,000,fc2,000 a000,000 a000,000 f1 f1
    \13: a5 vf7b,000,125,000 a000,000 a000,000 f0 f0

 15
    /2: a1 vdb2,000,a69,000 a000,000 a000,000 f1 f1
  \14: a4 ve19,000,065,000 a000,000 a000,000 f0 f1
      /9: a1 v74f,000,e41,000 a000,000 a000,000 f0 f0
    \3: a2 v720,000,b4e,000 a000,000 a000,000 f0 f1
>>>
