<<<
  1: v2df,000,3fa,000
  2: ve42,000,1de,000
  3: ve4b,000,457,000
  4: vf74,000,3aa,000 -> 6
  5: v250,000,894,000
  6: v9aa,000,619,000 -> 1
  7: v069,000,2a9,000 -> 13
  8: v74b,000,945,000 -> 12
  9: va8f,000,c7a,000
  10: vf15,000,60b,000 -> 14
  11: v119,000,3bb,000 -> 4
  12: v5f8,000,6f3,000
  13: v78e,000,d21,000
  14: vf76,000,588,000
  15: vb0e,000,d98,000 -> 7
>>>
<<<
  @2: a1 o0 a1 o0 a1 o0 ve42,000,1de,000

  @3: a1 o0 a1 o0 a1 o0 ve4b,000,457,000

  @5: a1 o0 a1 o0 a1 o0 v250,000,894,000

    /13: a1 o0 a1 o0 a1 o0 v78e,069,d21,2a9
  @7: a1 o0 a1 o0 a1 o0 v069,000,2a9,000
    \15: a1 o0 a1 o0 a1 o0 vb0e,069,d98,2a9

  @9: a1 o0 a1 o0 a1 o0 va8f,000,c7a,000

    /1: a3 o0 a3 o0 a3 o0 v2df,119,3fa,3bb
        /6: a1 o0 a1 o0 a1 o0 v9aa,f74,619,3aa
      \4: a2 o0 a2 o0 a2 o0 vf74,2df,3aa,3fa
  @11: a1 o0 a1 o0 a1 o0 v119,000,3bb,000

  @12: a2 o0 a2 o0 a2 o0 v5f8,000,6f3,000
    \8: a1 o0 a1 o0 a1 o0 v74b,5f8,945,6f3

  @14: a1 o0 a1 o0 a1 o0 vf76,000,588,000
    \10: a1 o0 a1 o0 a1 o0 vf15,f76,60b,588
>>>
