<<<
  1: v1 v6ca,000,107,000
  2: v3 v744,000,3ca,000 -> 8
  3: v1 v2fe,000,79b,000
  4: v0 v1ac,000,20f,000 -> 12
  5: v7 v586,000,e4d,000 -> 14
  6: v0 veb0,000,96d,000
  7: v2 vb53,000,aa5,000 -> 8
  8: v5 vcd5,000,f6c,000 -> 14
  9: v2 v1ac,000,74f,000
  10: v4 v12c,000,9ce,000
  11: v4 v334,000,492,000 -> 8
  12: v3 v93b,000,309,000
  13: v1 v4b3,000,f5a,000
  14: v1 v7b3,000,07c,000 -> 3
  15: v5 v8d2,000,623,000 -> 14
>>>
<<<
  @1: v1 v1 a1 v1 v1 a1 aC1S1 v6ca,000,107,000 f0

  @6: v0 v0 a0 v0 v0 a0 aC1S0 veb0,000,96d,000 f0

  @9: v2 v2 a2 v2 v2 a2 aC1S2 v1ac,000,74f,000 f1

  @10: v4 v4 a4 v4 v4 a4 aC1S4 v12c,000,9ce,000 f1

    /4: v0 v0 a0 v0 v0 a0 aC1S0 v1ac,93b,20f,309 f0
  @12: v3 v3 a3 v3 v3 a3 aC1S3 v93b,000,309,000 f1

  @13: v1 v1 a1 v1 v1 a1 aC1S1 v4b3,000,f5a,000 f1

  @15: v5 v5 a5 v5 v5 a5 aC1S5 v8d2,000,623,000 f1
    \14: v1 v1 a7 v1 v1 a7 aC7S23 v7b3,8d2,07c,623 f0
       .'5: v7 v7 a7 v7 v7 a7 aC1S7 v586,000,e4d,000 f1
        /11: v4 v4 a4 v4 v4 a4 aC1S4 v334,cd5,492,f6c f1
     ->8: v5 v5 a7 v5 v5 a7 aC5S21 vcd5,000,f6c,000 f1
         .'2: v3 v3 a3 v3 v3 a3 aC1S3 v744,000,3ca,000 f1
       ->7: v2 v2 a3 v2 v2 a3 aC2S5 vb53,000,aa5,000 f1
      \3: v1 v1 a1 v1 v1 a1 aC1S1 v2fe,7b3,79b,07c f0
>>>
