<<<
  1: -> 11
  2:
  3:
  4: -> 2
  5:
  6:
  7: -> 13
  8: -> 12
  9:
  10: -> 14
  11:
  12:
  13: -> 14
  14: -> 1
  15:
>>>
<<<
  @3: f0

  @4: f1
    \2: f0

  @5: f0

  @6: f0

  @9: f1

    /1: f1
      \14: f0
       ->10: f1
        \13: f1
         ->7: f0
  @11: f1

  @12: f0
   ->8: f0

  @15: f1
>>>
