<<<
  1: -> 10
  2: -> 7
  3: -> 13
  4: -> 11
  5: -> 11
  6: -> 13
  7:
  8: -> 11
  9: -> 4
  10: -> 6
  11: -> 15
  12:
  13:
  14:
  15: -> 7
>>>
<<<
 7
  \2: a1 f1 f1

  @3: a1 f1 f0
    \13: a1 f1 f1

  @5: a1 f0 f1
    \11: a3 f0 f0
        /7: a1 f0 f0
      \15: a2 f1 f0

 11
  \8: a1 f1 f1

 11
  \9: a2 f0 f1
    \4: a1 f1 f1

 13
    /1: a1 f0 f1
  \10: a3 f0 f1
    \6: a1 f0 f0

  @12: a1 f0 f1

  @14: a1 f1 f0
>>>
