<<<
  1:
  2: -> 5
  3:
  4: -> 8
  5:
  6: -> 2
  7: -> 2
  8: -> 2
  9: -> 10
  10: -> 5
  11: -> 5
  12:
  13:
  14: -> 5
  15: -> 11
>>>
<<<
  @1: a1 o0 f1

  @3: a1 o0 f0

      /9: a1 o0 f0
    /10: a2 o0 f0
  @5: a3 o6 f1
       .'14: a1 o1 f0
        /15: a1 o0 f1
     .'11: a2 o3 f1
   ->2: a5 o8 f1
         .'6: a1 o1 f1
       .'7: a1 o2 f0
     ->8: a2 o4 f0
        \4: a1 o0 f0

  @12: a1 o8 f0

  @13: a1 o0 f0
>>>
