<<<
  1:
  2:
  3:
  4:
  5: -> 8
  6:
  7:
  8:
  9:
  10:
  11:
  12: -> 13
  13:
  14:
  15:
>>>
<<<
  @1: f0 f1

  @2: f1 f0

  @3: f0 f0

  @4: f0 f1

  @6: f0 f0

  @7: f1 f1

    /5: f0 f1
  @8: f0 f1

  @9: f0 f0

  @10: f1 f1

  @11: f0 f0

  @13: f0 f0
    \12: f0 f1

  @14: f0 f1

  @15: f1 f0
>>>
