<<<
  1: -> 15
  2: -> 12
  3:
  4:
  5: -> 10
  6:
  7:
  8: -> 12
  9: -> 3
  10: -> 12
  11: -> 2
  12: -> 9
  13: -> 15
  14: -> 8
  15: -> 12
>>>
<<<
  @3: a1 f1 f1
        /14: a2 f0 f0
          \8: a1 f1 f1
      /12: a10 f0 f0
            /5: a1 f1 f0
         .'10: a2 f1 f0
       ->15: a7 f0 f0
           .'13: a1 f1 f0
         ->1: a2 f1 f0
            /2: a1 f0 f0
         '.11: a2 f0 f0
    \9: a11 f0 f1

  @4: a6 f0 f0

  @6: a1 f0 f0

  @7: a1 f1 f1
>>>
