<<<
  1: v2 v7
  2: v7 v5
  3: v3 v0 -> 8
  4: v2 v1 -> 11
  5: v3 v6 -> 15
  6: v4 v3
  7: v3 v5
  8: v2 v0
  9: v6 v2 -> 11
  10: v5 v7 -> 9
  11: v0 v6
  12: v6 v7
  13: v5 v5
  14: v1 v2
  15: v2 v7 -> 8
>>>
<<<
  @1: a1 v2 v7 a7

  @2: a1 v7 v5 a5

  @6: a1 v4 v3 a3

  @7: a1 v3 v5 a5

  @8: a3 v2 v0 a0
   ->15: a2 v2 v7 a7
      \5: a1 v3 v6 a6
    \3: a1 v3 v0 a0

    /11: a2 v0 v6 a6
     ->4: a1 v2 v1 a1
  @9: a1 v6 v2 a2
    \10: a1 v5 v7 a7

  @12: a1 v6 v7 a7

  @13: a1 v5 v5 a5

  @14: a1 v1 v2 a2
>>>
