<<<
  1: v7 v1
  2: v2 v7 -> 4
  3: v3 v4
  4: v5 v7
  5: v5 v6 -> 2
  6: v0 v6 -> 5
  7: v6 v4 -> 8
  8: v2 v7 -> 2
  9: v4 v4 -> 11
  10: v6 v3 -> 2
  11: v7 v6 -> 13
  12: v7 v3
  13: v1 v1 -> 2
  14: v2 v3 -> 9
  15: v2 v7
>>>
<<<
  @1: v7 a7 a7 v1

  @3: v3 a3 a3 v4

 2
  \5: v5 a5 a5 v6

 5
  \6: v0 a0 a0 v6

 2
  \8: v2 a2 a6 v7
    \7: v6 a6 a6 v4

 2
  \10: v6 a6 a6 v3

      /4: v5 a5 a5 v7
    /2: v2 a1 a5 v7
      \13: v1 a1 a1 v1
  @11: v7 a1 a7 v6
    \9: v4 a2 a4 v4
      \14: v2 a2 a2 v3

  @12: v7 a7 a7 v3

  @15: v2 a2 a2 v7
>>>
