<<<
  1: vL296R-85F0
  2: vL184R302F0 -> 14
  3: vL412R341F0 -> 13
  4: vL176R84F0 -> 5
  5: vL278R293F0 -> 8
  6: vL166R668F0
  7: vL594R-129F0
  8: vL146R128F0
  9: vL361R305F0 -> 4
  10: vL471R44F0
  11: vL486R427F0 -> 6
  12: vL603R150F0 -> 11
  13: vL-39R474F0 -> 5
  14: vL-109R76F0 -> 15
  15: vL693R-39F0 -> 11
>>>
<<<
  @1: vL296R-85F0 f1

    /4: vL-102R-209F0 f1
      \9: vL185R221F0 f0
  @5: vL278R293F0 f1
    \8: vL-132R-165F0 f1

  @7: vL594R-129F0 f0

  @10: vL471R44F0 f0

    /6: vL-320R241F0 f0
  @11: vL486R427F0 f0
      /2: vL293R226F0 f0
    \14: vL-595R-351F0 f1
      \15: vL802R-115F0 f1

 11
  \12: vL117R-277F0 f0

 5
    /3: vL451R-133F0 f0
  \13: vL-317R181F0 f1
>>>
