<<<
  1: vL-3R12F1 v7 -> 14
  2: vL-8R12F0 v3 -> 10
  3: vL7R-1F1 v1
  4: vL-5R-12F0 v2 -> 5
  5: vL4R2F0 v3
  6: vL9R-23F0 v7
  7: vL0R-3F1 v1
  8: vL-18R-1F0 v6
  9: vL4R-7F0 v1
  10: vL0R-3F0 v2
  11: vL5R4F1 v4
  12: vL13R-20F0 v1 -> 14
  13: vL8R-4F1 v4 -> 2
  14: vL-10R9F0 v6
  15: vL-8R-7F0 v6 -> 10
>>>
<<<
  @3: a2 a2 a2 o1 vL7R-1F1 v1 a2 a2 a2 o1 vL7R-1F1 v1 a7 o7 f1 f1

    /4: a1 a1 a1 o0 vL-9R-14F0 v2 a1 a1 a1 o0 vL-9R-14F0 v2 a2 o0 f0 f0
  @5: a1 a1 a1 o0 vL4R2F0 v3 a1 a1 a1 o0 vL4R2F0 v3 a3 o0 f1 f0

  @6: a1 a1 a1 o2 vL9R-23F0 v7 a1 a1 a1 o2 vL9R-23F0 v7 a5 o7 f1 f1

  @7: a1 a1 a1 o0 vL0R-3F1 v1 a1 a1 a1 o0 vL0R-3F1 v1 a1 o0 f1 f0

  @8: a1 a1 a1 o0 vL-18R-1F0 v6 a1 a1 a1 o0 vL-18R-1F0 v6 a3 o0 f1 f0

  @9: a1 a1 a1 o0 vL4R-7F0 v1 a1 a1 a1 o0 vL4R-7F0 v1 a1 o0 f0 f0

  @11: a1 a1 a1 o0 vL5R4F1 v4 a1 a1 a1 o0 vL5R4F1 v4 a4 o0 f0 f1

  @14: a1 a1 a1 o1 vL-10R9F0 v6 a1 a1 a1 o1 vL-10R9F0 v6 a6 o1 f0 f0
   ->12: a1 a1 a1 o1 vL13R-20F0 v1 a1 a1 a1 o1 vL13R-20F0 v1 a1 o1 f1 f0
    \1: a1 a1 a1 o0 vL7R3F1 v7 a1 a1 a1 o0 vL7R3F1 v7 a7 o0 f0 f0

  @15: a1 a1 a1 o1 vL-8R-7F0 v6 a1 a1 a1 o1 vL-8R-7F0 v6 a6 o6 f1 f0
    \10: a1 a1 a1 o2 vL8R4F0 v2 a1 a1 a1 o2 vL8R4F0 v2 a2 o7 f0 f0
     ->2: a2 a2 a2 o2 vL-8R12F0 v3 a2 a2 a2 o2 vL-8R12F0 v3 a7 o7 f1 f1
        \13: a1 a1 a1 o0 vL16R-16F1 v4 a1 a1 a1 o0 vL16R-16F1 v4 a4 o0 f0 f1
>>>
