<<<
  1: -> 7
  2: -> 12
  3:
  4: -> 10
  5:
  6: -> 8
  7: -> 9
  8: -> 11
  9: -> 8
  10: -> 15
  11: -> 14
  12: -> 13
  13: -> 8
  14:
  15: -> 9
>>>
<<<
  @3: a1 a1 a1 o0

      /14: a2 a2 a2 o0
        \11: a1 a1 a1 o0
    /8: a6 a6 a6 o6
       .'6: a1 a1 a1 o1
          /13: a1 a1 a1 o0
        /12: a2 a2 a2 o0
     ->2: a3 a3 a3 o4
          /9: a1 a1 a1 o2
           ->7: a2 a2 a2 o2
              \1: a1 a1 a1 o0
        /15: a2 a2 a2 o2
      \10: a3 a3 a3 o2
  @4: a1 a1 a1 o0

  @5: a1 a1 a1 o0
>>>
