<<<
  1: v-5
  2: v29 -> 12
  3: v5
  4: v21
  5: v29
  6: v-40 -> 1
  7: v33 -> 2
  8: v15
  9: v12 -> 14
  10: v2 -> 4
  11: v21 -> 15
  12: v30 -> 10
  13: v2
  14: v21 -> 4
  15: v22 -> 4
>>>
<<<
  @3: v5 f1

  @5: v29 f1

    /1: v35 f0
  @6: v-40 f0

  @8: v15 f1

  @13: v2 f1

    /11: v-1 f1
  @15: v22 f1
    \4: v-1 f0
     ->14: v0 f0
        \9: v-9 f0
            /7: v4 f0
          /2: v-1 f0
       '.12: v9 f1
          \10: v-28 f0
>>>
