<<<
  1: vf13,000,30d,000 -> 7
  2: vf0e,000,b90,000
  3: v86d,000,e3d,000
  4: v693,000,dde,000 -> 6
  5: vbdf,000,ca8,000
  6: v685,000,468,000 -> 1
  7: v618,000,2b4,000 -> 10
  8: v097,000,7b6,000
  9: v49f,000,956,000
  10: v10d,000,2ef,000 -> 14
  11: v43b,000,7f3,000
  12: v683,000,7ee,000
  13: va39,000,66d,000 -> 15
  14: vf43,000,39d,000
  15: v81b,000,76b,000
>>>
<<<
  @2: a1 o0 vf0e,000,b90,000 f0

  @3: a1 o0 v86d,000,e3d,000 f0

  @5: a1 o0 vbdf,000,ca8,000 f1

  @8: a1 o0 v097,000,7b6,000 f1

  @9: a1 o0 v49f,000,956,000 f0

    /14: a1 o0 vf43,000,39d,000 f1
  @10: a1 o0 v10d,000,2ef,000 f0
   ->7: a4 o4 v618,000,2b4,000 f0
        /4: a1 o0 v693,000,dde,000 f0
      \6: a3 o0 v685,000,468,000 f1
        \1: a1 o0 vf13,000,30d,000 f0

  @11: a1 o0 v43b,000,7f3,000 f0

  @12: a1 o0 v683,000,7ee,000 f0

    /15: a1 o0 v81b,000,76b,000 f1
  @13: a1 o0 va39,000,66d,000 f0
>>>
