<<<
  1: v1f0,000,753,000
  2: ve6c,000,850,000
  3: ve83,000,afe,000
  4: v25a,000,93e,000
  5: v7ab,000,7a4,000 -> 2
  6: v820,000,c50,000
  7: vca1,000,778,000
  8: v0ca,000,2cb,000
  9: v2ef,000,aea,000
  10: va3a,000,a6e,000 -> 5
  11: v119,000,3bb,000
  12: vb62,000,cb4,000 -> 11
  13: v66e,000,1a2,000
  14: v563,000,289,000
  15: v42f,000,d87,000
>>>
<<<
  @1: a1 o0 v1f0,000,753,000

  @3: a1 o0 ve83,000,afe,000

  @4: a1 o0 v25a,000,93e,000

  @6: a1 o0 v820,000,c50,000

  @7: a1 o0 vca1,000,778,000

  @8: a1 o0 v0ca,000,2cb,000

  @9: a1 o0 v2ef,000,aea,000

      /2: a1 o0 ve6c,7ab,850,7a4
    /5: a2 o0 v7ab,a3a,7a4,a6e
  @10: a1 o0 va3a,000,a6e,000

    /11: a1 o0 v119,b62,3bb,cb4
  @12: a1 o0 vb62,000,cb4,000

  @13: a1 o0 v66e,000,1a2,000

  @14: a1 o0 v563,000,289,000

  @15: a1 o0 v42f,000,d87,000
>>>
