<<<
  1: v650,000,000,000 vL4R-7F1 -> 6
  2: vb15,000,000,000 vL7R4F1 -> 13
  3: v065,000,000,000 vL-1R3F0
  4: v30b,000,000,000 vL6R-3F1 -> 7
  5: v5a9,000,000,000 vL-5R-5F1 -> 10
  6: vb18,000,000,000 vL-8R-5F0
  7: vd0d,000,000,000 vL2R5F1 -> 3
  8: vbf8,000,000,000 vL-4R2F0 -> 4
  9: vd1e,000,000,000 vL-7R-6F0 -> 7
  10: v2f4,000,000,000 vL-5R6F0 -> 11
  11: v01e,000,000,000 vL-5R-2F0 -> 1
  12: v26c,000,000,000 vL4R-4F0 -> 4
  13: vf30,000,000,000 vL0R0F0 -> 6
  14: v582,000,000,000 vL-6R6F1 -> 7
  15: v1dd,000,000,000 vL2R-5F0 -> 7
>>>
<<<
 7
    /12: v26c,30b,000,000 vL4R-4F0 aL4R-4 f0
  \4: v30b,000,000,000 vL6R-3F1 aL4R-4 f1

  @6: vb18,000,000,000 vL-8R-5F0 aL-8R-5 f0
    \1: v650,b18,000,000 vL4R-7F1 aL-5R-7 f0
        /5: v5a9,2f4,000,000 vL-5R-5F1 aL-5R-5 f1
      \10: v2f4,650,000,000 vL-5R6F0 aL-5R-5 f1
        \11: v01e,2f4,000,000 vL-5R-2F0 aL-5R-2 f0

 4
  \8: vbf8,000,000,000 vL-4R2F0 aL-4R2 f1

  @9: vd1e,000,000,000 vL-7R-6F0 aL-7R-6 f1
      /3: v065,d0d,000,000 vL-1R3F0 aL-1R3 f0
    \7: vd0d,d1e,000,000 vL2R5F1 aL-1R3 f1

 6
    /2: vb15,f30,000,000 vL7R4F1 aL7R4 f1
  \13: vf30,000,000,000 vL0R0F0 aL0R0 f1

 7
  \14: v582,000,000,000 vL-6R6F1 aL-6R6 f1

 7
  \15: v1dd,000,000,000 vL2R-5F0 aL2R-5 f0
>>>
