<<<
  1: vL-211R-323F0 -> 9
  2: vL-245R-377F0
  3: vL-317R-405F0 -> 5
  4: vL168R-134F0 -> 3
  5: vL85R-8F0 -> 12
  6: vL-141R-254F0 -> 7
  7: vL-75R-204F0 -> 1
  8: vL-15R121F0 -> 15
  9: vL-66R40F0 -> 2
  10: vL-155R43F0 -> 7
  11: vL117R-277F0 -> 12
  12: vL204R-449F0 -> 15
  13: vL56R-314F0 -> 10
  14: vL37R-205F0 -> 7
  15: vL-204R-89F0 -> 9
>>>
<<<
    /9: a2 vL179R417F0 aL0R0 f0 f1
      \1: a1 vL-145R-363F0 aL0R0 f0 f0
  @2: a1 vL-245R-377F0 aL0R0 f0 f1

 9
    /3: a4 vL-485R-271F0 aL521R397 f0 f1
        /15: a1 vL-408R360F0 aL0R0 f0 f0
      \12: a3 vL521R-44F0 aL0R441 f1 f0
        \5: a1 vL-119R441F0 aL0R0 f0 f1
  \4: a5 vL234R-174F0 aL36R126 f0 f0

 1
    /6: a1 vL-66R-50F0 aL0R0 f1 f0
  \7: a2 vL136R119F0 aL0R0 f0 f1

 15
  \8: a1 vL189R210F0 aL0R0 f0 f1

 7
    /13: a1 vL211R-357F0 aL0R0 f1 f0
  \10: a2 vL-80R247F0 aL211R0 f0 f1

 12
  \11: a1 vL-87R172F0 aL0R0 f1 f1

 7
  \14: a1 vL112R-1F0 aL0R0 f0 f0
>>>
