<<<
  1:
  2:
  3: -> 9
  4:
  5:
  6:
  7:
  8:
  9:
  10:
  11:
  12:
  13:
  14:
  15:
>>>
<<<
  @1: a3

  @2: a1

  @4: a1

  @5: a1

  @6: a1

  @7: a2

  @8: a1

  @9: a1
    \3: a1

  @10: a1

  @11: a1

  @12: a1

  @13: a1

  @14: a1

  @15: a4
>>>
