<<<
  1: vL329R338F0 -> 13
  2: vL363R161F0 -> 6
  3: vL740R-67F0 -> 12
  4: vL198R235F0 -> 11
  5: vL435R297F0 -> 3
  6: vL685R356F0 -> 14
  7: vL218R135F0
  8: vL-79R94F0 -> 7
  9: vL753R326F0 -> 15
  10: vL354R357F0 -> 13
  11: vL578R235F0 -> 10
  12: vL608R486F0 -> 14
  13: vL514R259F0 -> 8
  14: vL588R401F0 -> 1
  15: vL464R389F0 -> 7
>>>
<<<
      /6: a1 vL97R-45F0 aL0R0 f1
    /14: a6 vL225R240F0 aL-667R-307 f1
      \1: a4 vL-259R-63F0 aL-408R-244 f0
          /7: a2 vL-296R-124F0 aL-297R-41 f0
            \8: a1 vL-297R-41F0 aL0R0 f0
        \13: a3 vL185R-79F0 aL-593R-165 f1
  @2: a1 vL363R161F0 aL0R0 f0

 13
    /10: a1 vL-224R122F0 aL0R0 f1
  \11: a3 vL64R-24F0 aL-380R0 f0
    \4: a1 vL-380R0F0 aL0R0 f0

 14
      /5: a1 vL-305R364F0 aL0R0 f1
    /3: a2 vL132R-553F0 aL-305R0 f0
  \12: a3 vL20R85F0 aL-173R-553 f1

 7
  \15: a2 vL246R254F0 aL0R-63 f0
    \9: a1 vL289R-63F0 aL0R0 f0
>>>
