<<<
  1: v1
  2: v5 -> 3
  3: v7 -> 8
  4: v0 -> 8
  5: v7 -> 2
  6: v6 -> 3
  7: v6 -> 6
  8: v2
  9: v3 -> 8
  10: v5 -> 3
  11: v1 -> 3
  12: v5
  13: v4 -> 2
  14: v5
  15: v3
>>>
<<<
  @1: v1 f0 f0

  @8: v2 f0 f0
     .'4: v0 f1 f0
   ->9: v3 f1 f1
    \3: v7 f1 f1
       .'10: v5 f1 f1
     ->6: v6 f0 f0
        \7: v6 f0 f1
          /13: v4 f1 f1
       '.2: v5 f0 f1
         ->5: v7 f0 f0
      \11: v1 f0 f1

  @12: v5 f1 f1

  @14: v5 f0 f0

  @15: v3 f0 f1
>>>
