<<<
  1: -> 7
  2:
  3: -> 15
  4: -> 11
  5: -> 8
  6: -> 13
  7: -> 10
  8: -> 10
  9:
  10: -> 3
  11: -> 10
  12: -> 4
  13:
  14: -> 4
  15: -> 6
>>>
<<<
        /13: a4 o0 a4 o0 a4 o0
            /6: a1 o0 a1 o0 a1 o0
          \15: a3 o0 a3 o0 a3 o0
            \3: a1 o0 a1 o0 a1 o0
      /10: a5 o6 a5 o6 a5 o6
       ->8: a2 o6 a2 o6 a2 o6
          \5: a1 o0 a1 o0 a1 o0
            /11: a1 o0 a1 o0 a1 o0
         '.4: a4 o4 a4 o4 a4 o4
           ->12: a1 o1 a1 o1 a1 o1
            \14: a1 o0 a1 o0 a1 o0
    /7: a6 o6 a6 o6 a6 o6
  @1: a1 o0 a1 o0 a1 o0

  @2: a1 o0 a1 o0 a1 o0

  @9: a1 o0 a1 o0 a1 o0
>>>
